{"logTime": "0622/120633", "correlationVector":"kjH12mHRB9nvqNsQDXoyPT.1","action":"SyncServerConnectionManagerRequest", "result":"SYNC_SERVER_OK", "context":{"environment":"Prod_southindia_prod-s01-004-apac-southindia", "migrationStage":"NotStarted", "server":"akswtt10500005e"}}
{"logTime": "0622/120633", "correlationVector":"kjH12mHRB9nvqNsQDXoyPT.2","action":"ProcessGetUpdates", "result":"Done", "context":{"dataType":"Encryption Keys", "deleted":"0", "process_failed_to_decrypt":"0", "process_pending_decryption":"0", "process_success":"1", "total":"1"}}
{"logTime": "0622/120634", "correlationVector":"HQ8JvAoIzr1YAigqp0yO9U","action":"SyncServerConnectionManagerRequest", "result":"SYNC_SERVER_OK", "context":{"environment":"", "migrationStage":"", "server":""}}
{"logTime": "0622/120634", "correlationVector":"HQ8JvAoIzr1YAigqp0yO9U.0","action":"EncryptionKeysFetcher.DownloadKeys:", "result":"Success", "context":Key count: 3, Last key timestamp: 2026-02-20T16:03:24Z}
{"logTime": "0622/120634", "correlationVector":"HQ8JvAoIzr1YAigqp0yO9U.1","action":"EncryptionKeysManager::SetEncryptionKeys:", "result":"Success", "context":Key names[3]:[+Bk5vFOT9BAPeSBH5Fn8GMGhxcdAGAjTN+3A3MJc4h+KWpAhddq7oyKGOFxWarz/WPMfqcZjqG0TkmtVOjH4cA==][Kgk3waqQhlbhV4HSvp99FGeMkiLSC+wHBlf0j6myFphCb7WxXUQs3PY2fDGVP52CmkcQcI8LcGyu0Q8I3ElF8A==][g7Q8OLO+klI8J7F0CNwlt9S+11xTLCZjUtBXDlFoAYdXaPzQJJ0+8PRNwMbP/Xn4O0fZR7h++vzEMJID0mOeNg==]}
{"logTime": "0622/120634", "correlationVector":"HQ8JvAoIzr1YAigqp0yO9U.2","action":"EncryptionKeysManager::SetEncryptionKeysWithTimestamps:", "result":"Success", "context":Key timestamps[3]:[2025-01-06T05:19:27Z][2025-07-12T10:49:32Z][2026-02-20T16:03:24Z]}
{"logTime": "0622/120634", "correlationVector":"kjH12mHRB9nvqNsQDXoyPT","action":"Initial GetUpdates", "result":"", "context":Reason: NEW_CLIENT. cV=kjH12mHRB9nvqNsQDXoyPT}
{"logTime": "0622/120634", "correlationVector":"kjH12mHRB9nvqNsQDXoyPT.3","action":"GetUpdates Response", "result":"Success", "context":Received 1 update(s). cV=kjH12mHRB9nvqNsQDXoyPT.0;server=akswtt10500005e;cloudType=Consumer;environment=Prod_southindia_prod-s01-004-apac-southindia;migrationStage=NotStarted}
{"logTime": "0622/120634", "correlationVector":"Vjzm8KAFDB0kMiG3ZFRy8O","action":"Initial GetUpdates", "result":"", "context":Reason: NEWLY_SUPPORTED_DATATYPE. cV=Vjzm8KAFDB0kMiG3ZFRy8O}
{"logTime": "0622/120635", "correlationVector":"Vjzm8KAFDB0kMiG3ZFRy8O.1","action":"SyncServerConnectionManagerRequest", "result":"SYNC_SERVER_OK", "context":{"environment":"Prod_southindia_prod-s01-004-apac-southindia", "migrationStage":"NotStarted", "server":"akswtt10500005r"}}
{"logTime": "0622/120635", "correlationVector":"Vjzm8KAFDB0kMiG3ZFRy8O.2","action":"ProcessGetUpdates", "result":"Done", "context":{"dataType":"Preferences", "deleted":"0", "process_failed_to_decrypt":"0", "process_pending_decryption":"0", "process_success":"69", "total":"69"}}
{"logTime": "0622/120635", "correlationVector":"Vjzm8KAFDB0kMiG3ZFRy8O.3","action":"ProcessGetUpdates", "result":"Done", "context":{"dataType":"Passwords", "deleted":"1", "process_failed_to_decrypt":"0", "process_pending_decryption":"0", "process_success":"179", "total":"179"}}
{"logTime": "0622/120635", "correlationVector":"Vjzm8KAFDB0kMiG3ZFRy8O.4","action":"ProcessGetUpdates", "result":"Done", "context":{"dataType":"Device Info", "deleted":"0", "process_failed_to_decrypt":"0", "process_pending_decryption":"0", "process_success":"2", "total":"2"}}
{"logTime": "0622/120636", "correlationVector":"Vjzm8KAFDB0kMiG3ZFRy8O.5","action":"GetUpdates Response", "result":"Success", "context":Received 250 update(s). cV=Vjzm8KAFDB0kMiG3ZFRy8O.0;server=akswtt10500005r;cloudType=Consumer;environment=Prod_southindia_prod-s01-004-apac-southindia;migrationStage=NotStarted Some updates remain.}
{"logTime": "0622/120636", "correlationVector":"YO5PoL1iZHpKkJ6ivim2VW","action":"Initial GetUpdates", "result":"", "context":Reason: NEWLY_SUPPORTED_DATATYPE. cV=YO5PoL1iZHpKkJ6ivim2VW}
{"logTime": "0622/120636", "correlationVector":"YO5PoL1iZHpKkJ6ivim2VW.1","action":"SyncServerConnectionManagerRequest", "result":"SYNC_SERVER_OK", "context":{"environment":"Prod_southindia_prod-s01-004-apac-southindia", "migrationStage":"NotStarted", "server":"akswtt105000073"}}
{"logTime": "0622/120636", "correlationVector":"YO5PoL1iZHpKkJ6ivim2VW.2","action":"ProcessGetUpdates", "result":"Done", "context":{"dataType":"Preferences", "deleted":"0", "process_failed_to_decrypt":"0", "process_pending_decryption":"0", "process_success":"11", "total":"11"}}
{"logTime": "0622/120636", "correlationVector":"YO5PoL1iZHpKkJ6ivim2VW.3","action":"ProcessGetUpdates", "result":"Done", "context":{"dataType":"Passwords", "deleted":"0", "process_failed_to_decrypt":"0", "process_pending_decryption":"0", "process_success":"170", "total":"170"}}
{"logTime": "0622/120636", "correlationVector":"YO5PoL1iZHpKkJ6ivim2VW.4","action":"ProcessGetUpdates", "result":"Done", "context":{"dataType":"Device Info", "deleted":"0", "process_failed_to_decrypt":"0", "process_pending_decryption":"0", "process_success":"1", "total":"1"}}
{"logTime": "0622/120636", "correlationVector":"YO5PoL1iZHpKkJ6ivim2VW.5","action":"GetUpdates Response", "result":"Success", "context":Received 182 update(s). cV=YO5PoL1iZHpKkJ6ivim2VW.0;server=akswtt105000073;cloudType=Consumer;environment=Prod_southindia_prod-s01-004-apac-southindia;migrationStage=NotStarted}
{"logTime": "0622/120637", "correlationVector":"jtzGeTcwoAIWzY1aY6v3zC","action":"Initial GetUpdates", "result":"", "context":Reason: NEWLY_SUPPORTED_DATATYPE. cV=jtzGeTcwoAIWzY1aY6v3zC}
{"logTime": "0622/120638", "correlationVector":"jtzGeTcwoAIWzY1aY6v3zC.1","action":"SyncServerConnectionManagerRequest", "result":"SYNC_SERVER_OK", "context":{"environment":"Prod_southindia_prod-s01-004-apac-southindia", "migrationStage":"NotStarted", "server":"akswtt10500003t"}}
{"logTime": "0622/120638", "correlationVector":"jtzGeTcwoAIWzY1aY6v3zC.2","action":"ProcessGetUpdates", "result":"Done", "context":{"dataType":"Bookmarks", "deleted":"0", "process_failed_to_decrypt":"0", "process_pending_decryption":"0", "process_success":"88", "total":"88"}}
{"logTime": "0622/120638", "correlationVector":"jtzGeTcwoAIWzY1aY6v3zC.3","action":"GetUpdates Response", "result":"Success", "context":Received 88 update(s). cV=jtzGeTcwoAIWzY1aY6v3zC.0;server=akswtt10500003t;cloudType=Consumer;environment=Prod_southindia_prod-s01-004-apac-southindia;migrationStage=NotStarted}
{"logTime": "0622/120638", "correlationVector":"Ji7Ln4B63bHUxz2wm1cNq9","action":"Initial GetUpdates", "result":"", "context":Reason: NEWLY_SUPPORTED_DATATYPE. cV=Ji7Ln4B63bHUxz2wm1cNq9}
{"logTime": "0622/120640", "correlationVector":"Ji7Ln4B63bHUxz2wm1cNq9.1","action":"SyncServerConnectionManagerRequest", "result":"SYNC_SERVER_OK", "context":{"environment":"Prod_southindia_prod-s01-004-apac-southindia", "migrationStage":"NotStarted", "server":"akswtt10500006m"}}
{"logTime": "0622/120640", "correlationVector":"Ji7Ln4B63bHUxz2wm1cNq9.2","action":"ProcessGetUpdates", "result":"Done", "context":{"dataType":"Autofill", "deleted":"0", "process_failed_to_decrypt":"0", "process_pending_decryption":"0", "process_success":"249", "total":"249"}}
{"logTime": "0622/120640", "correlationVector":"Ji7Ln4B63bHUxz2wm1cNq9.3","action":"ProcessGetUpdates", "result":"Done", "context":{"dataType":"Web Apps", "deleted":"0", "process_failed_to_decrypt":"0", "process_pending_decryption":"0", "process_success":"1", "total":"1"}}
{"logTime": "0622/120640", "correlationVector":"Ji7Ln4B63bHUxz2wm1cNq9.4","action":"GetUpdates Response", "result":"Success", "context":Received 250 update(s). cV=Ji7Ln4B63bHUxz2wm1cNq9.0;server=akswtt10500006m;cloudType=Consumer;environment=Prod_southindia_prod-s01-004-apac-southindia;migrationStage=NotStarted Some updates remain.}
{"logTime": "0622/120640", "correlationVector":"5JmeX9zQBEusvZGO9C/5U9","action":"Initial GetUpdates", "result":"", "context":Reason: NEWLY_SUPPORTED_DATATYPE. cV=5JmeX9zQBEusvZGO9C/5U9}
{"logTime": "0622/120643", "correlationVector":"5JmeX9zQBEusvZGO9C/5U9.1","action":"SyncServerConnectionManagerRequest", "result":"SYNC_SERVER_OK", "context":{"environment":"Prod_southindia_prod-s01-004-apac-southindia", "migrationStage":"NotStarted", "server":"akswtt10500005c"}}
{"logTime": "0622/120643", "correlationVector":"5JmeX9zQBEusvZGO9C/5U9.2","action":"ProcessGetUpdates", "result":"Done", "context":{"dataType":"Autofill", "deleted":"0", "process_failed_to_decrypt":"0", "process_pending_decryption":"0", "process_success":"250", "total":"250"}}
{"logTime": "0622/120643", "correlationVector":"5JmeX9zQBEusvZGO9C/5U9.3","action":"GetUpdates Response", "result":"Success", "context":Received 250 update(s). cV=5JmeX9zQBEusvZGO9C/5U9.0;server=akswtt10500005c;cloudType=Consumer;environment=Prod_southindia_prod-s01-004-apac-southindia;migrationStage=NotStarted Some updates remain.}
{"logTime": "0622/120643", "correlationVector":"RJJCzeOXLb4kLTUpv+c3Zj","action":"Initial GetUpdates", "result":"", "context":Reason: NEWLY_SUPPORTED_DATATYPE. cV=RJJCzeOXLb4kLTUpv+c3Zj}
{"logTime": "0622/120645", "correlationVector":"RJJCzeOXLb4kLTUpv+c3Zj.1","action":"SyncServerConnectionManagerRequest", "result":"SYNC_SERVER_OK", "context":{"environment":"Prod_southindia_prod-s01-004-apac-southindia", "migrationStage":"NotStarted", "server":"akswtt10500006q"}}
{"logTime": "0622/120645", "correlationVector":"RJJCzeOXLb4kLTUpv+c3Zj.2","action":"ProcessGetUpdates", "result":"Done", "context":{"dataType":"Autofill", "deleted":"0", "process_failed_to_decrypt":"0", "process_pending_decryption":"0", "process_success":"250", "total":"250"}}
{"logTime": "0622/120645", "correlationVector":"7NfsLxE0NGb8RMyePJHjYb","action":"SyncServerConnectionManagerRequest", "result":"CONNECTION_UNAVAILABLE", "context":{"error_type":"net_error_code", "error_value":"-3"}}
