2026-06-22 12:06:22.682: [INFO] OnDoneLoading sync enabled: 0
2026-06-22 12:06:22.686: [INFO] RecordSyncInitDuration has_sync_been_enabled: 0 state: 0
2026-06-22 12:06:24.160: [INFO] VisibilityChanged: 0
2026-06-22 12:06:30.375: [INFO] RecordSyncInitDuration has_sync_been_enabled: 0 state: 0
2026-06-22 12:06:30.400: [INFO] RecordSyncInitDuration has_sync_been_enabled: 0 state: 3
2026-06-22 12:06:30.411: [INFO] Primary account changed.
2026-06-22 12:06:30.411: [INFO] OnPrimaryAccountChanged PrimaryAccountChangeEvent::Type::kSet
2026-06-22 12:06:30.453: [INFO] RecordSyncInitDuration has_sync_been_enabled: 0 state: 3
2026-06-22 12:06:30.508: [INFO] RecordSyncInitDuration has_sync_been_enabled: 0 state: 3
2026-06-22 12:06:36.913: [INFO] VisibilityChanged: 1
2026-06-22 12:06:38.400: [INFO] BookmarkNodeAdded, ABU: 0
2026-06-22 12:06:38.403: [INFO] BookmarkNodeAdded, ABU: 0
2026-06-22 12:06:38.407: [INFO] BookmarkNodeAdded, ABU: 0
2026-06-22 12:06:38.409: [INFO] BookmarkNodeAdded, ABU: 0
2026-06-22 12:06:38.415: [INFO] BookmarkNodeAdded, ABU: 0
2026-06-22 12:06:38.418: [INFO] BookmarkNodeAdded, ABU: 0
2026-06-22 12:06:38.420: [INFO] BookmarkNodeAdded, ABU: 0
2026-06-22 12:06:38.424: [INFO] BookmarkNodeAdded, ABU: 0
2026-06-22 12:06:38.426: [INFO] BookmarkNodeAdded, ABU: 0
2026-06-22 12:06:38.434: [INFO] BookmarkNodeAdded, ABU: 0
2026-06-22 12:06:38.437: [INFO] BookmarkNodeAdded, ABU: 0
2026-06-22 12:06:38.438: [INFO] BookmarkNodeAdded, ABU: 0
2026-06-22 12:06:38.441: [INFO] BookmarkNodeAdded, ABU: 0
2026-06-22 12:06:38.445: [INFO] BookmarkNodeAdded, ABU: 0
2026-06-22 12:06:38.448: [INFO] BookmarkNodeAdded, ABU: 0
2026-06-22 12:06:38.451: [INFO] BookmarkNodeAdded, ABU: 0
2026-06-22 12:06:38.453: [INFO] BookmarkNodeAdded, ABU: 0
2026-06-22 12:06:38.457: [INFO] BookmarkNodeAdded, ABU: 0
2026-06-22 12:06:38.461: [INFO] BookmarkNodeAdded, ABU: 0
2026-06-22 12:06:38.464: [INFO] BookmarkNodeAdded, ABU: 0
2026-06-22 12:06:38.467: [INFO] BookmarkNodeAdded, ABU: 0
2026-06-22 12:06:38.469: [INFO] BookmarkNodeAdded, ABU: 0
2026-06-22 12:06:38.472: [INFO] BookmarkNodeAdded, ABU: 0
2026-06-22 12:06:38.475: [INFO] BookmarkNodeAdded, ABU: 0
2026-06-22 12:06:38.480: [INFO] BookmarkNodeAdded, ABU: 0
2026-06-22 12:06:38.483: [INFO] BookmarkNodeAdded, ABU: 0
2026-06-22 12:06:38.485: [INFO] BookmarkNodeAdded, ABU: 0
2026-06-22 12:06:38.489: [INFO] BookmarkNodeAdded, ABU: 0
2026-06-22 12:06:38.492: [INFO] BookmarkNodeAdded, ABU: 0
2026-06-22 12:06:38.493: [INFO] BookmarkNodeAdded, ABU: 0
2026-06-22 12:06:38.497: [INFO] BookmarkNodeAdded, ABU: 0
2026-06-22 12:06:38.500: [INFO] BookmarkNodeAdded, ABU: 0
2026-06-22 12:06:38.503: [INFO] BookmarkNodeAdded, ABU: 0
2026-06-22 12:06:38.506: [INFO] BookmarkNodeAdded, ABU: 0
2026-06-22 12:06:38.509: [INFO] BookmarkNodeAdded, ABU: 0
2026-06-22 12:06:38.512: [INFO] BookmarkNodeAdded, ABU: 0
2026-06-22 12:06:38.515: [INFO] BookmarkNodeAdded, ABU: 0
2026-06-22 12:06:38.518: [INFO] BookmarkNodeAdded, ABU: 0
2026-06-22 12:06:38.521: [INFO] BookmarkNodeAdded, ABU: 0
2026-06-22 12:06:38.526: [INFO] BookmarkNodeAdded, ABU: 0
2026-06-22 12:06:38.532: [INFO] BookmarkNodeAdded, ABU: 0
2026-06-22 12:06:38.535: [INFO] BookmarkNodeAdded, ABU: 0
2026-06-22 12:06:38.538: [INFO] BookmarkNodeAdded, ABU: 0
2026-06-22 12:06:38.541: [INFO] BookmarkNodeAdded, ABU: 0
2026-06-22 12:06:38.545: [INFO] BookmarkNodeAdded, ABU: 0
2026-06-22 12:06:38.548: [INFO] BookmarkNodeAdded, ABU: 0
2026-06-22 12:06:38.551: [INFO] BookmarkNodeAdded, ABU: 0
2026-06-22 12:06:38.554: [INFO] BookmarkNodeAdded, ABU: 0
2026-06-22 12:06:38.558: [INFO] BookmarkNodeAdded, ABU: 0
2026-06-22 12:06:38.562: [INFO] BookmarkNodeAdded, ABU: 0
2026-06-22 12:06:38.565: [INFO] BookmarkNodeAdded, ABU: 0
2026-06-22 12:06:38.568: [INFO] BookmarkNodeAdded, ABU: 0
2026-06-22 12:06:38.571: [INFO] BookmarkNodeAdded, ABU: 0
2026-06-22 12:06:38.574: [INFO] BookmarkNodeAdded, ABU: 0
2026-06-22 12:06:38.580: [INFO] BookmarkNodeAdded, ABU: 0
2026-06-22 12:06:38.583: [INFO] BookmarkNodeAdded, ABU: 0
2026-06-22 12:06:38.586: [INFO] BookmarkNodeAdded, ABU: 0
2026-06-22 12:06:38.589: [INFO] BookmarkNodeAdded, ABU: 0
2026-06-22 12:06:38.593: [INFO] BookmarkNodeAdded, ABU: 0
2026-06-22 12:06:38.598: [INFO] BookmarkNodeAdded, ABU: 0
2026-06-22 12:06:38.601: [INFO] BookmarkNodeAdded, ABU: 0
2026-06-22 12:06:38.604: [INFO] BookmarkNodeAdded, ABU: 0
2026-06-22 12:06:38.609: [INFO] BookmarkNodeAdded, ABU: 0
2026-06-22 12:06:38.614: [INFO] BookmarkNodeAdded, ABU: 0
2026-06-22 12:06:38.617: [INFO] BookmarkNodeAdded, ABU: 0
2026-06-22 12:06:38.620: [INFO] BookmarkNodeAdded, ABU: 0
2026-06-22 12:06:38.623: [INFO] BookmarkNodeAdded, ABU: 0
2026-06-22 12:06:38.626: [INFO] BookmarkNodeAdded, ABU: 0
2026-06-22 12:06:38.633: [INFO] BookmarkNodeAdded, ABU: 0
2026-06-22 12:06:38.636: [INFO] BookmarkNodeAdded, ABU: 0
2026-06-22 12:06:38.639: [INFO] BookmarkNodeAdded, ABU: 0
2026-06-22 12:06:38.642: [INFO] BookmarkNodeAdded, ABU: 0
2026-06-22 12:06:38.647: [INFO] BookmarkNodeAdded, ABU: 0
2026-06-22 12:06:38.650: [INFO] BookmarkNodeAdded, ABU: 0
2026-06-22 12:06:38.653: [INFO] BookmarkNodeAdded, ABU: 0
2026-06-22 12:06:38.655: [INFO] BookmarkNodeAdded, ABU: 0
2026-06-22 12:06:38.658: [INFO] BookmarkNodeAdded, ABU: 0
2026-06-22 12:06:38.662: [INFO] BookmarkNodeAdded, ABU: 0
2026-06-22 12:06:38.665: [INFO] BookmarkNodeAdded, ABU: 0
2026-06-22 12:06:38.669: [INFO] BookmarkNodeAdded, ABU: 0
2026-06-22 12:06:38.673: [INFO] BookmarkNodeAdded, ABU: 0
2026-06-22 12:06:38.676: [INFO] BookmarkNodeAdded, ABU: 0
2026-06-22 12:06:45.338: [INFO] VisibilityChanged: 0
